5 0 0 5 5 1 0 1 1 1024 -8 -2 15 4 1 1 2 0 14 20 46 16 15 24 8 1 0 1 1
