1 2 3 4 5 6 0 1 2 3 4 3 4 5 6 5 7 9 3 3 3 2 6 12 11 12 13 5 10 15 3 4 5 1 2 3 4 0 0 1 2 3 0 1 5 11 12 20 21 22 7 9 3 4 1 4 9 10 1 42 1
